V "4.7.1.0 May 22 2018"
R
U 0
U 0
U 0
U 0
C 342
R
U 0
U 0
U 0
U 0
C 342
R
C 343
M "SimpleExample"
R
P 0000000000000000
C 7
= 0000021A7C34D888
R
P 0000021A7C34D888
U 2
C 328
R
P 0000021A7C34D888
C 339
R
P 0000021A7C34D888
C 8
R
C 3
= 0000021A7C31D858
R
P 0000021A7C31D858
S "model"
S "true"
C 5
R
P 0000021A7C31D858
C 7
= 0000021A7C3AFE38
R
P 0000021A7C31D858
C 4
R
P 0000021A7C3AFE38
U 2
C 328
R
P 0000021A7C3AFE38
C 339
M "FindModelExample1"
R
P 0000021A7C3AFE38
S "x"
C 30
R
P 0000021A7C3AFE38
C 339
R
P 0000021A7C3AFE38
$ |x|
C 200
R
P 0000021A7C3AFE38
C 339
R
P 0000021A7C3AFE38
C 32
= 0000021A7C357178
R
P 0000021A7C3AFE38
C 339
R
P 0000021A7C3AFE38
P 0000021A7C357178
C 255
R
P 0000021A7C3AFE38
C 339
R
P 0000021A7C3AFE38
P 0000021A7C357178
C 9
R
P 0000021A7C3AFE38
C 339
R
P 0000021A7C3AFE38
$ |x|
P 0000021A7C357178
C 51
= 0000021A7C357B58
R
P 0000021A7C3AFE38
C 339
R
P 0000021A7C3AFE38
P 0000021A7C357B58
C 255
R
P 0000021A7C3AFE38
C 339
R
P 0000021A7C3AFE38
P 0000021A7C357B58
C 252
= 0000021A7C357178
R
P 0000021A7C3AFE38
C 339
R
P 0000021A7C3AFE38
P 0000021A7C357178
C 207
R
P 0000021A7C3AFE38
C 339
R
P 0000021A7C3AFE38
P 0000021A7C357B58
C 258
R
P 0000021A7C3AFE38
C 339
R
P 0000021A7C3AFE38
P 0000021A7C357B58
C 257
R
P 0000021A7C3AFE38
C 339
R
P 0000021A7C3AFE38
P 0000021A7C357B58
C 256
R
P 0000021A7C3AFE38
C 339
R
P 0000021A7C3AFE38
P 0000021A7C357B58
C 9
R
P 0000021A7C3AFE38
C 339
R
P 0000021A7C3AFE38
S "y"
C 30
R
P 0000021A7C3AFE38
C 339
R
P 0000021A7C3AFE38
$ |y|
C 200
R
P 0000021A7C3AFE38
C 339
R
P 0000021A7C3AFE38
$ |y|
P 0000021A7C357178
C 51
= 0000021A7C357B78
R
P 0000021A7C3AFE38
C 339
R
P 0000021A7C3AFE38
P 0000021A7C357B78
C 255
R
P 0000021A7C3AFE38
C 339
R
P 0000021A7C3AFE38
P 0000021A7C357B78
C 252
= 0000021A7C357178
R
P 0000021A7C3AFE38
C 339
R
P 0000021A7C3AFE38
P 0000021A7C357178
C 207
R
P 0000021A7C3AFE38
C 339
R
P 0000021A7C3AFE38
P 0000021A7C357B78
C 258
R
P 0000021A7C3AFE38
C 339
R
P 0000021A7C3AFE38
P 0000021A7C357B78
C 257
R
P 0000021A7C3AFE38
C 339
R
P 0000021A7C3AFE38
P 0000021A7C357B78
C 256
R
P 0000021A7C3AFE38
C 339
R
P 0000021A7C3AFE38
P 0000021A7C357B78
C 9
R
P 0000021A7C3AFE38
C 339
R
P 0000021A7C3AFE38
P 0000021A7C357B58
P 0000021A7C357B78
C 62
= 0000021A7C367700
R
P 0000021A7C3AFE38
C 339
R
P 0000021A7C3AFE38
P 0000021A7C367700
C 256
R
P 0000021A7C3AFE38
C 339
R
P 0000021A7C3AFE38
P 0000021A7C367700
C 9
R
P 0000021A7C3AFE38
C 339
R
P 0000021A7C3AFE38
C 408
= 0000021A7C351078
R
P 0000021A7C3AFE38
C 339
R
P 0000021A7C3AFE38
P 0000021A7C351078
C 416
R
P 0000021A7C3AFE38
C 339
R
P 0000021A7C3AFE38
P 0000021A7C351078
P 0000021A7C367700
C 422
R
P 0000021A7C3AFE38
C 339
R
P 0000021A7C3AFE38
P 0000021A7C351078
C 427
R
P 0000021A7C3AFE38
C 339
R
P 0000021A7C3AFE38
P 0000021A7C351078
C 431
= 0000021A7C67A218
R
P 0000021A7C3AFE38
C 339
R
P 0000021A7C3AFE38
P 0000021A7C67A218
C 296
R
P 0000021A7C3AFE38
C 339
R
P 0000021A7C3AFE38
P 0000021A7C67A218
P 0000021A7C357B58
I 0
P 0000000000000000
C 298
* 0000021A7C3571F8 4
R
P 0000021A7C3AFE38
C 339
R
P 0000021A7C3AFE38
P 0000021A7C3571F8
C 255
R
P 0000021A7C3AFE38
C 339
R
P 0000021A7C3AFE38
P 0000021A7C3571F8
C 252
= 0000021A7C357178
R
P 0000021A7C3AFE38
C 339
R
P 0000021A7C3AFE38
P 0000021A7C357178
C 207
R
P 0000021A7C3AFE38
C 339
R
P 0000021A7C3AFE38
P 0000021A7C3571F8
C 258
R
P 0000021A7C3AFE38
C 339
R
P 0000021A7C3AFE38
P 0000021A7C3571F8
C 257
R
P 0000021A7C3AFE38
C 339
R
P 0000021A7C3AFE38
P 0000021A7C3571F8
C 256
R
P 0000021A7C3AFE38
C 339
R
P 0000021A7C3AFE38
P 0000021A7C3571F8
C 9
R
P 0000021A7C3AFE38
C 339
R
P 0000021A7C3AFE38
P 0000021A7C3571F8
C 329
R
P 0000021A7C3AFE38
C 339
R
P 0000021A7C3AFE38
P 0000021A7C67A218
P 0000021A7C357B78
I 0
P 0000000000000000
C 298
* 0000021A7C3571D8 4
R
P 0000021A7C3AFE38
C 339
R
P 0000021A7C3AFE38
P 0000021A7C3571D8
C 255
R
P 0000021A7C3AFE38
C 339
R
P 0000021A7C3AFE38
P 0000021A7C3571D8
C 252
= 0000021A7C357178
R
P 0000021A7C3AFE38
C 339
R
P 0000021A7C3AFE38
P 0000021A7C357178
C 207
R
P 0000021A7C3AFE38
C 339
R
P 0000021A7C3AFE38
P 0000021A7C3571D8
C 258
R
P 0000021A7C3AFE38
C 339
R
P 0000021A7C3AFE38
P 0000021A7C3571D8
C 257
R
P 0000021A7C3AFE38
C 339
R
P 0000021A7C3AFE38
P 0000021A7C3571D8
C 256
R
P 0000021A7C3AFE38
C 339
R
P 0000021A7C3AFE38
P 0000021A7C3571D8
C 9
R
P 0000021A7C3AFE38
C 339
R
P 0000021A7C3AFE38
P 0000021A7C3571D8
C 329
R
P 0000021A7C3AFE38
C 339
M "FindModelExample2"
R
P 0000021A7C3AFE38
C 33
= 0000021A7C357238
R
P 0000021A7C3AFE38
C 339
R
P 0000021A7C3AFE38
P 0000021A7C357238
C 255
R
P 0000021A7C3AFE38
C 339
R
P 0000021A7C3AFE38
P 0000021A7C357238
C 9
R
P 0000021A7C3AFE38
C 339
R
P 0000021A7C3AFE38
S "x"
C 30
R
P 0000021A7C3AFE38
C 339
R
P 0000021A7C3AFE38
$ |x|
C 200
R
P 0000021A7C3AFE38
C 339
R
P 0000021A7C3AFE38
$ |x|
P 0000021A7C357238
C 51
= 0000021A7C357DB8
R
P 0000021A7C3AFE38
C 339
R
P 0000021A7C3AFE38
P 0000021A7C357DB8
C 255
R
P 0000021A7C3AFE38
C 339
R
P 0000021A7C3AFE38
P 0000021A7C357DB8
C 252
= 0000021A7C357238
R
P 0000021A7C3AFE38
C 339
R
P 0000021A7C3AFE38
P 0000021A7C357238
C 207
R
P 0000021A7C3AFE38
C 339
R
P 0000021A7C3AFE38
P 0000021A7C357DB8
C 258
R
P 0000021A7C3AFE38
C 339
R
P 0000021A7C3AFE38
P 0000021A7C357DB8
C 257
R
P 0000021A7C3AFE38
C 339
R
P 0000021A7C3AFE38
P 0000021A7C357DB8
C 256
R
P 0000021A7C3AFE38
C 339
R
P 0000021A7C3AFE38
P 0000021A7C357DB8
C 9
R
P 0000021A7C3AFE38
C 339
R
P 0000021A7C3AFE38
S "y"
C 30
R
P 0000021A7C3AFE38
C 339
R
P 0000021A7C3AFE38
$ |y|
C 200
R
P 0000021A7C3AFE38
C 339
R
P 0000021A7C3AFE38
$ |y|
P 0000021A7C357238
C 51
= 0000021A7C357DD8
R
P 0000021A7C3AFE38
C 339
R
P 0000021A7C3AFE38
P 0000021A7C357DD8
C 255
R
P 0000021A7C3AFE38
C 339
R
P 0000021A7C3AFE38
P 0000021A7C357DD8
C 252
= 0000021A7C357238
R
P 0000021A7C3AFE38
C 339
R
P 0000021A7C3AFE38
P 0000021A7C357238
C 207
R
P 0000021A7C3AFE38
C 339
R
P 0000021A7C3AFE38
P 0000021A7C357DD8
C 258
R
P 0000021A7C3AFE38
C 339
R
P 0000021A7C3AFE38
P 0000021A7C357DD8
C 257
R
P 0000021A7C3AFE38
C 339
R
P 0000021A7C3AFE38
P 0000021A7C357DD8
C 256
R
P 0000021A7C3AFE38
C 339
R
P 0000021A7C3AFE38
P 0000021A7C357DD8
C 9
R
P 0000021A7C3AFE38
C 339
R
P 0000021A7C3AFE38
I 1
P 0000021A7C357238
C 150
= 0000021A7C357DF8
R
P 0000021A7C3AFE38
C 339
R
P 0000021A7C3AFE38
P 0000021A7C357DF8
C 256
R
P 0000021A7C3AFE38
C 339
R
P 0000021A7C3AFE38
P 0000021A7C357DF8
C 9
R
P 0000021A7C3AFE38
C 339
R
P 0000021A7C3AFE38
I 2
P 0000021A7C357238
C 150
= 0000021A7C357E18
R
P 0000021A7C3AFE38
C 339
R
P 0000021A7C3AFE38
P 0000021A7C357E18
C 256
R
P 0000021A7C3AFE38
C 339
R
P 0000021A7C3AFE38
P 0000021A7C357E18
C 9
R
P 0000021A7C3AFE38
C 339
R
P 0000021A7C3AFE38
U 2
P 0000021A7C357DD8
P 0000021A7C357DF8
p 2
C 65
= 0000021A7C367770
R
P 0000021A7C3AFE38
C 339
R
P 0000021A7C3AFE38
P 0000021A7C367770
C 255
R
P 0000021A7C3AFE38
C 339
R
P 0000021A7C3AFE38
P 0000021A7C367770
C 252
= 0000021A7C357238
R
P 0000021A7C3AFE38
C 339
R
P 0000021A7C3AFE38
P 0000021A7C357238
C 207
R
P 0000021A7C3AFE38
C 339
R
P 0000021A7C3AFE38
P 0000021A7C367770
C 258
R
P 0000021A7C3AFE38
C 339
R
P 0000021A7C3AFE38
P 0000021A7C367770
C 257
R
P 0000021A7C3AFE38
C 339
R
P 0000021A7C3AFE38
P 0000021A7C367770
C 256
R
P 0000021A7C3AFE38
C 339
R
P 0000021A7C3AFE38
P 0000021A7C367770
C 9
R
P 0000021A7C3AFE38
C 339
R
P 0000021A7C3AFE38
P 0000021A7C357DB8
P 0000021A7C367770
C 73
= 0000021A7C3677A8
R
P 0000021A7C3AFE38
C 339
R
P 0000021A7C3AFE38
P 0000021A7C3677A8
C 256
R
P 0000021A7C3AFE38
C 339
R
P 0000021A7C3AFE38
P 0000021A7C3677A8
C 9
R
P 0000021A7C3AFE38
C 339
R
P 0000021A7C3AFE38
P 0000021A7C357DB8
P 0000021A7C357E18
C 75
= 0000021A7C3677E0
R
P 0000021A7C3AFE38
C 339
R
P 0000021A7C3AFE38
P 0000021A7C3677E0
C 256
R
P 0000021A7C3AFE38
C 339
R
P 0000021A7C3AFE38
P 0000021A7C3677E0
C 9
R
P 0000021A7C3AFE38
C 339
R
P 0000021A7C3AFE38
U 2
P 0000021A7C3677A8
P 0000021A7C3677E0
p 2
C 63
= 0000021A7C367818
R
P 0000021A7C3AFE38
C 339
R
P 0000021A7C3AFE38
P 0000021A7C367818
C 256
R
P 0000021A7C3AFE38
C 339
R
P 0000021A7C3AFE38
P 0000021A7C367818
C 9
R
P 0000021A7C3AFE38
C 339
R
P 0000021A7C3AFE38
C 408
= 0000021A7C57CF98
R
P 0000021A7C3AFE38
C 339
R
P 0000021A7C3AFE38
P 0000021A7C57CF98
C 416
R
P 0000021A7C3AFE38
C 339
R
P 0000021A7C3AFE38
P 0000021A7C57CF98
P 0000021A7C367818
C 422
R
P 0000021A7C3AFE38
C 339
R
P 0000021A7C3AFE38
P 0000021A7C57CF98
C 427
R
P 0000021A7C3AFE38
C 339
R
P 0000021A7C3AFE38
P 0000021A7C57CF98
C 431
= 0000021A7C8FDA18
R
P 0000021A7C3AFE38
C 339
R
P 0000021A7C3AFE38
P 0000021A7C8FDA18
C 296
R
P 0000021A7C3AFE38
C 339
R
P 0000021A7C3AFE38
P 0000021A7C8FDA18
P 0000021A7C357DB8
I 0
P 0000000000000000
C 298
* 0000021A7C357ED8 4
R
P 0000021A7C3AFE38
C 339
R
P 0000021A7C3AFE38
P 0000021A7C357ED8
C 255
R
P 0000021A7C3AFE38
C 339
R
P 0000021A7C3AFE38
P 0000021A7C357ED8
C 252
= 0000021A7C357238
R
P 0000021A7C3AFE38
C 339
R
P 0000021A7C3AFE38
P 0000021A7C357238
C 207
R
P 0000021A7C3AFE38
C 339
R
P 0000021A7C3AFE38
P 0000021A7C357ED8
C 258
R
P 0000021A7C3AFE38
C 339
R
P 0000021A7C3AFE38
P 0000021A7C357ED8
C 257
R
P 0000021A7C3AFE38
C 339
R
P 0000021A7C3AFE38
P 0000021A7C357ED8
C 256
R
P 0000021A7C3AFE38
C 339
R
P 0000021A7C3AFE38
P 0000021A7C357ED8
C 9
R
P 0000021A7C3AFE38
C 339
R
P 0000021A7C3AFE38
P 0000021A7C357ED8
C 261
R
P 0000021A7C3AFE38
C 339
R
P 0000021A7C3AFE38
P 0000021A7C8FDA18
P 0000021A7C357DD8
I 0
P 0000000000000000
C 298
* 0000021A7C357ED8 4
R
P 0000021A7C3AFE38
C 339
R
P 0000021A7C3AFE38
P 0000021A7C357ED8
C 255
R
P 0000021A7C3AFE38
C 339
R
P 0000021A7C3AFE38
P 0000021A7C357ED8
C 252
= 0000021A7C357238
R
P 0000021A7C3AFE38
C 339
R
P 0000021A7C3AFE38
P 0000021A7C357238
C 207
R
P 0000021A7C3AFE38
C 339
R
P 0000021A7C3AFE38
P 0000021A7C357ED8
C 258
R
P 0000021A7C3AFE38
C 339
R
P 0000021A7C3AFE38
P 0000021A7C357ED8
C 257
R
P 0000021A7C3AFE38
C 339
R
P 0000021A7C3AFE38
P 0000021A7C357ED8
C 256
R
P 0000021A7C3AFE38
C 339
R
P 0000021A7C3AFE38
P 0000021A7C357ED8
C 9
R
P 0000021A7C3AFE38
C 339
R
P 0000021A7C3AFE38
P 0000021A7C357ED8
C 261
R
P 0000021A7C3AFE38
C 339
R
P 0000021A7C3AFE38
P 0000021A7C357DB8
P 0000021A7C357DD8
C 56
= 0000021A7C367888
R
P 0000021A7C3AFE38
C 339
R
P 0000021A7C3AFE38
P 0000021A7C367888
C 256
R
P 0000021A7C3AFE38
C 339
R
P 0000021A7C3AFE38
P 0000021A7C367888
C 9
R
P 0000021A7C3AFE38
C 339
R
P 0000021A7C3AFE38
P 0000021A7C367888
C 58
= 0000021A7C35F518
R
P 0000021A7C3AFE38
C 339
R
P 0000021A7C3AFE38
P 0000021A7C35F518
C 256
R
P 0000021A7C3AFE38
C 339
R
P 0000021A7C3AFE38
P 0000021A7C35F518
C 9
R
P 0000021A7C3AFE38
C 339
R
P 0000021A7C3AFE38
U 2
P 0000021A7C367818
P 0000021A7C35F518
p 2
C 63
= 0000021A7C3678C0
R
P 0000021A7C3AFE38
C 339
R
P 0000021A7C3AFE38
P 0000021A7C3678C0
C 256
R
P 0000021A7C3AFE38
C 339
R
P 0000021A7C3AFE38
P 0000021A7C3678C0
C 9
R
P 0000021A7C3AFE38
C 339
R
P 0000021A7C3AFE38
C 408
= 0000021A7C9145F8
R
P 0000021A7C3AFE38
C 339
R
P 0000021A7C3AFE38
P 0000021A7C9145F8
C 416
R
P 0000021A7C3AFE38
C 339
R
P 0000021A7C3AFE38
P 0000021A7C9145F8
P 0000021A7C3678C0
C 422
R
P 0000021A7C3AFE38
C 339
R
P 0000021A7C3AFE38
P 0000021A7C9145F8
C 427
R
P 0000021A7C3AFE38
C 339
R
P 0000021A7C3AFE38
P 0000021A7C9145F8
C 431
= 0000021A7CC27238
R
P 0000021A7C3AFE38
C 339
R
P 0000021A7C3AFE38
P 0000021A7CC27238
C 296
R
P 0000021A7C3AFE38
C 339
R
P 0000021A7C3AFE38
P 0000021A7CC27238
P 0000021A7C357DB8
I 0
P 0000000000000000
C 298
* 0000021A7C357ED8 4
R
P 0000021A7C3AFE38
C 339
R
P 0000021A7C3AFE38
P 0000021A7C357ED8
C 255
R
P 0000021A7C3AFE38
C 339
R
P 0000021A7C3AFE38
P 0000021A7C357ED8
C 252
= 0000021A7C357238
R
P 0000021A7C3AFE38
C 339
R
P 0000021A7C3AFE38
P 0000021A7C357238
C 207
R
P 0000021A7C3AFE38
C 339
R
P 0000021A7C3AFE38
P 0000021A7C357ED8
C 258
R
P 0000021A7C3AFE38
C 339
R
P 0000021A7C3AFE38
P 0000021A7C357ED8
C 257
R
P 0000021A7C3AFE38
C 339
R
P 0000021A7C3AFE38
P 0000021A7C357ED8
C 256
R
P 0000021A7C3AFE38
C 339
R
P 0000021A7C3AFE38
P 0000021A7C357ED8
C 9
R
P 0000021A7C3AFE38
C 339
R
P 0000021A7C3AFE38
P 0000021A7C357ED8
C 261
R
P 0000021A7C3AFE38
C 339
R
P 0000021A7C3AFE38
P 0000021A7CC27238
P 0000021A7C357DD8
I 0
P 0000000000000000
C 298
* 0000021A7C357E58 4
R
P 0000021A7C3AFE38
C 339
R
P 0000021A7C3AFE38
P 0000021A7C357E58
C 255
R
P 0000021A7C3AFE38
C 339
R
P 0000021A7C3AFE38
P 0000021A7C357E58
C 252
= 0000021A7C357238
R
P 0000021A7C3AFE38
C 339
R
P 0000021A7C3AFE38
P 0000021A7C357238
C 207
R
P 0000021A7C3AFE38
C 339
R
P 0000021A7C3AFE38
P 0000021A7C357E58
C 258
R
P 0000021A7C3AFE38
C 339
R
P 0000021A7C3AFE38
P 0000021A7C357E58
C 257
R
P 0000021A7C3AFE38
C 339
R
P 0000021A7C3AFE38
P 0000021A7C357E58
C 256
R
P 0000021A7C3AFE38
C 339
R
P 0000021A7C3AFE38
P 0000021A7C357E58
C 9
R
P 0000021A7C3AFE38
C 339
R
P 0000021A7C3AFE38
P 0000021A7C357E58
C 261
R
P 0000021A7C3AFE38
C 339
M "FloatingPointExample2"
R
P 0000021A7C3AFE38
U 11
U 53
C 582
= 0000021A7C357EB8
R
P 0000021A7C3AFE38
C 339
R
P 0000021A7C3AFE38
P 0000021A7C357EB8
C 255
R
P 0000021A7C3AFE38
C 339
R
P 0000021A7C3AFE38
P 0000021A7C357EB8
C 9
R
P 0000021A7C3AFE38
C 339
R
P 0000021A7C3AFE38
C 571
= 0000021A7C357E98
R
P 0000021A7C3AFE38
C 339
R
P 0000021A7C3AFE38
P 0000021A7C357E98
C 255
R
P 0000021A7C3AFE38
C 339
R
P 0000021A7C3AFE38
P 0000021A7C357E98
C 9
R
P 0000021A7C3AFE38
C 339
R
P 0000021A7C3AFE38
S "rm"
C 30
R
P 0000021A7C3AFE38
C 339
R
P 0000021A7C3AFE38
$ |rm|
C 200
R
P 0000021A7C3AFE38
C 339
R
P 0000021A7C3AFE38
$ |rm|
P 0000021A7C357E98
C 51
= 0000021A7C357E38
R
P 0000021A7C3AFE38
C 339
R
P 0000021A7C3AFE38
P 0000021A7C357E38
C 255
R
P 0000021A7C3AFE38
C 339
R
P 0000021A7C3AFE38
P 0000021A7C357E38
C 252
= 0000021A7C357E98
R
P 0000021A7C3AFE38
C 339
R
P 0000021A7C3AFE38
P 0000021A7C357E98
C 207
R
P 0000021A7C3AFE38
C 339
R
P 0000021A7C3AFE38
P 0000021A7C357E38
C 258
R
P 0000021A7C3AFE38
C 339
R
P 0000021A7C3AFE38
P 0000021A7C357E38
C 257
R
P 0000021A7C3AFE38
C 339
R
P 0000021A7C3AFE38
P 0000021A7C357E38
C 256
R
P 0000021A7C3AFE38
C 339
R
P 0000021A7C3AFE38
P 0000021A7C357E38
C 9
R
P 0000021A7C3AFE38
C 339
R
P 0000021A7C3AFE38
S "x"
C 30
R
P 0000021A7C3AFE38
C 339
R
P 0000021A7C3AFE38
$ |x|
C 200
R
P 0000021A7C3AFE38
C 339
R
P 0000021A7C3AFE38
U 64
C 35
= 0000021A7C357A78
R
P 0000021A7C3AFE38
C 339
R
P 0000021A7C3AFE38
P 0000021A7C357A78
C 255
R
P 0000021A7C3AFE38
C 339
R
P 0000021A7C3AFE38
P 0000021A7C357A78
C 9
R
P 0000021A7C3AFE38
C 339
R
P 0000021A7C3AFE38
$ |x|
P 0000021A7C357A78
C 51
= 0000021A7C357EF8
R
P 0000021A7C3AFE38
C 339
R
P 0000021A7C3AFE38
P 0000021A7C357EF8
C 255
R
P 0000021A7C3AFE38
C 339
R
P 0000021A7C3AFE38
P 0000021A7C357EF8
C 252
= 0000021A7C357A78
R
P 0000021A7C3AFE38
C 339
R
P 0000021A7C3AFE38
P 0000021A7C357A78
C 207
R
P 0000021A7C3AFE38
C 339
R
P 0000021A7C3AFE38
P 0000021A7C357EF8
C 258
R
P 0000021A7C3AFE38
C 339
R
P 0000021A7C3AFE38
P 0000021A7C357EF8
C 257
R
P 0000021A7C3AFE38
C 339
R
P 0000021A7C3AFE38
P 0000021A7C357EF8
C 256
R
P 0000021A7C3AFE38
C 339
R
P 0000021A7C3AFE38
P 0000021A7C357EF8
C 9
R
P 0000021A7C3AFE38
C 339
R
P 0000021A7C3AFE38
S "y"
C 30
R
P 0000021A7C3AFE38
C 339
R
P 0000021A7C3AFE38
$ |y|
C 200
R
P 0000021A7C3AFE38
C 339
R
P 0000021A7C3AFE38
$ |y|
P 0000021A7C357EB8
C 51
= 0000021A7C357F18
R
P 0000021A7C3AFE38
C 339
R
P 0000021A7C3AFE38
P 0000021A7C357F18
C 255
R
P 0000021A7C3AFE38
C 339
R
P 0000021A7C3AFE38
P 0000021A7C357F18
C 252
= 0000021A7C357EB8
R
P 0000021A7C3AFE38
C 339
R
P 0000021A7C3AFE38
P 0000021A7C357EB8
C 207
R
P 0000021A7C3AFE38
C 339
R
P 0000021A7C3AFE38
P 0000021A7C357F18
C 258
R
P 0000021A7C3AFE38
C 339
R
P 0000021A7C3AFE38
P 0000021A7C357F18
C 257
R
P 0000021A7C3AFE38
C 339
R
P 0000021A7C3AFE38
P 0000021A7C357F18
C 256
R
P 0000021A7C3AFE38
C 339
R
P 0000021A7C3AFE38
P 0000021A7C357F18
C 9
R
P 0000021A7C3AFE38
C 339
R
P 0000021A7C3AFE38
I 42
P 0000021A7C357EB8
C 597
= 0000021A7C357F38
R
P 0000021A7C3AFE38
C 339
R
P 0000021A7C3AFE38
P 0000021A7C357F38
C 256
R
P 0000021A7C3AFE38
C 339
R
P 0000021A7C3AFE38
P 0000021A7C357F38
C 9
R
P 0000021A7C3AFE38
C 339
R
P 0000021A7C3AFE38
P 0000021A7C357F18
P 0000021A7C357F38
C 56
= 0000021A7C3678F8
R
P 0000021A7C3AFE38
C 339
R
P 0000021A7C3AFE38
P 0000021A7C3678F8
C 256
R
P 0000021A7C3AFE38
C 339
R
P 0000021A7C3AFE38
P 0000021A7C3678F8
C 9
R
P 0000021A7C3AFE38
C 339
R
P 0000021A7C3AFE38
P 0000021A7C357E38
P 0000021A7C357F18
U 64
C 629
= 0000021A7C367968
R
P 0000021A7C3AFE38
C 339
R
P 0000021A7C3AFE38
P 0000021A7C367968
C 256
R
P 0000021A7C3AFE38
C 339
R
P 0000021A7C3AFE38
P 0000021A7C367968
C 9
R
P 0000021A7C3AFE38
C 339
R
P 0000021A7C3AFE38
P 0000021A7C357EF8
P 0000021A7C367968
C 56
= 0000021A7C367A10
R
P 0000021A7C3AFE38
C 339
R
P 0000021A7C3AFE38
P 0000021A7C367A10
C 256
R
P 0000021A7C3AFE38
C 339
R
P 0000021A7C3AFE38
P 0000021A7C367A10
C 9
R
P 0000021A7C3AFE38
C 339
R
P 0000021A7C3AFE38
U 64
C 35
= 0000021A7C357A78
R
P 0000021A7C3AFE38
C 339
R
P 0000021A7C3AFE38
P 0000021A7C357A78
C 255
R
P 0000021A7C3AFE38
C 339
R
P 0000021A7C3AFE38
P 0000021A7C357A78
C 9
R
P 0000021A7C3AFE38
C 339
R
P 0000021A7C3AFE38
I 42
P 0000021A7C357A78
C 150
= 0000021A7C357F58
R
P 0000021A7C3AFE38
C 339
R
P 0000021A7C3AFE38
P 0000021A7C357F58
C 255
R
P 0000021A7C3AFE38
C 339
R
P 0000021A7C3AFE38
P 0000021A7C357F58
C 252
= 0000021A7C357A78
R
P 0000021A7C3AFE38
C 339
R
P 0000021A7C3AFE38
P 0000021A7C357A78
C 207
R
P 0000021A7C3AFE38
C 339
R
P 0000021A7C3AFE38
P 0000021A7C357F58
C 258
R
P 0000021A7C3AFE38
C 339
R
P 0000021A7C3AFE38
P 0000021A7C357F58
C 257
R
P 0000021A7C3AFE38
C 339
R
P 0000021A7C3AFE38
P 0000021A7C357F58
C 256
R
P 0000021A7C3AFE38
C 339
R
P 0000021A7C3AFE38
P 0000021A7C357F58
C 9
R
P 0000021A7C3AFE38
C 339
R
P 0000021A7C3AFE38
P 0000021A7C357EF8
P 0000021A7C357F58
C 56
= 0000021A7C3679A0
R
P 0000021A7C3AFE38
C 339
R
P 0000021A7C3AFE38
P 0000021A7C3679A0
C 256
R
P 0000021A7C3AFE38
C 339
R
P 0000021A7C3AFE38
P 0000021A7C3679A0
C 9
R
P 0000021A7C3AFE38
C 339
R
P 0000021A7C3AFE38
C 34
= 0000021A7C357218
R
P 0000021A7C3AFE38
C 339
R
P 0000021A7C3AFE38
P 0000021A7C357218
C 255
R
P 0000021A7C3AFE38
C 339
R
P 0000021A7C3AFE38
P 0000021A7C357218
C 9
R
P 0000021A7C3AFE38
C 339
R
P 0000021A7C3AFE38
I 42
P 0000021A7C357218
C 150
= 0000021A7C357F78
R
P 0000021A7C3AFE38
C 339
R
P 0000021A7C3AFE38
P 0000021A7C357F78
C 255
R
P 0000021A7C3AFE38
C 339
R
P 0000021A7C3AFE38
P 0000021A7C357F78
C 252
= 0000021A7C357218
R
P 0000021A7C3AFE38
C 339
R
P 0000021A7C3AFE38
P 0000021A7C357218
C 207
R
P 0000021A7C3AFE38
C 339
R
P 0000021A7C3AFE38
P 0000021A7C357F78
C 258
R
P 0000021A7C3AFE38
C 339
R
P 0000021A7C3AFE38
P 0000021A7C357F78
C 257
R
P 0000021A7C3AFE38
C 339
R
P 0000021A7C3AFE38
P 0000021A7C357F78
C 256
R
P 0000021A7C3AFE38
C 339
R
P 0000021A7C3AFE38
P 0000021A7C357F78
C 9
R
P 0000021A7C3AFE38
C 339
R
P 0000021A7C3AFE38
P 0000021A7C357F38
C 631
= 0000021A7C35F4B8
R
P 0000021A7C3AFE38
C 339
R
P 0000021A7C3AFE38
P 0000021A7C35F4B8
C 256
R
P 0000021A7C3AFE38
C 339
R
P 0000021A7C3AFE38
P 0000021A7C35F4B8
C 9
R
P 0000021A7C3AFE38
C 339
R
P 0000021A7C3AFE38
P 0000021A7C357F78
P 0000021A7C35F4B8
C 56
= 0000021A7C367930
R
P 0000021A7C3AFE38
C 339
R
P 0000021A7C3AFE38
P 0000021A7C367930
C 256
R
P 0000021A7C3AFE38
C 339
R
P 0000021A7C3AFE38
P 0000021A7C367930
C 9
R
P 0000021A7C3AFE38
C 339
R
P 0000021A7C3AFE38
U 4
P 0000021A7C3678F8
P 0000021A7C367A10
P 0000021A7C3679A0
P 0000021A7C367930
p 4
C 63
= 0000021A7C3692E0
R
P 0000021A7C3AFE38
C 339
R
P 0000021A7C3AFE38
P 0000021A7C3692E0
C 256
R
P 0000021A7C3AFE38
C 339
R
P 0000021A7C3AFE38
P 0000021A7C3692E0
C 9
R
P 0000021A7C3AFE38
C 339
R
P 0000021A7C3AFE38
P 0000021A7C3692E0
C 329
R
P 0000021A7C3AFE38
C 339
R
P 0000021A7C3AFE38
C 408
= 0000021A7CC3BA68
R
P 0000021A7C3AFE38
C 339
R
P 0000021A7C3AFE38
P 0000021A7CC3BA68
C 416
R
P 0000021A7C3AFE38
C 339
R
P 0000021A7C3AFE38
P 0000021A7CC3BA68
P 0000021A7C3692E0
C 422
R
P 0000021A7C3AFE38
C 339
R
P 0000021A7C3AFE38
P 0000021A7CC3BA68
C 427
R
P 0000021A7C3AFE38
C 339
R
P 0000021A7C3AFE38
P 0000021A7CC3BA68
C 431
= 0000021A7CEBBB58
R
P 0000021A7C3AFE38
C 339
R
P 0000021A7C3AFE38
P 0000021A7CEBBB58
C 296
R
P 0000021A7C3AFE38
C 339
R
P 0000021A7C3AFE38
P 0000021A7CEBBB58
C 333
R
P 0000021A7C3AFE38
C 339
R
P 0000000000000000
C 7
= 0000021A7CCA9D28
R
P 0000021A7CCA9D28
U 2
C 328
R
P 0000021A7CCA9D28
C 339
R
P 0000000000000000
C 7
= 0000021A7CFAC028
R
P 0000021A7CFAC028
U 2
C 328
R
P 0000021A7CFAC028
C 339
R
P 0000021A7CCA9D28
C 33
= 0000021A7D050658
R
P 0000021A7CCA9D28
C 339
R
P 0000021A7CCA9D28
P 0000021A7D050658
C 255
R
P 0000021A7CCA9D28
C 339
R
P 0000021A7CCA9D28
P 0000021A7D050658
C 9
R
P 0000021A7CCA9D28
C 339
R
P 0000021A7CFAC028
C 33
= 0000021A7D06E748
R
P 0000021A7CFAC028
C 339
R
P 0000021A7CFAC028
P 0000021A7D06E748
C 255
R
P 0000021A7CFAC028
C 339
R
P 0000021A7CFAC028
P 0000021A7D06E748
C 9
R
P 0000021A7CFAC028
C 339
R
P 0000021A7CCA9D28
P 0000021A7D050658
P 0000021A7CFAC028
C 294
= 0000021A7D06E748
R
P 0000021A7CCA9D28
C 339
R
P 0000021A7CFAC028
P 0000021A7D06E748
C 255
R
P 0000021A7CFAC028
C 339
R
P 0000021A7CFAC028
P 0000021A7D06E748
C 207
R
P 0000021A7CFAC028
C 339
R
P 0000021A7CFAC028
P 0000021A7D06E748
C 255
R
P 0000021A7CFAC028
C 339
R
P 0000021A7CFAC028
P 0000021A7D06E748
C 9
R
P 0000021A7CFAC028
C 339
R
P 0000021A7CFAC028
C 339
R
P 0000021A7CCA9D28
S "e1"
C 30
R
P 0000021A7CCA9D28
C 339
R
P 0000021A7CCA9D28
$ |e1|
C 200
R
P 0000021A7CCA9D28
C 339
R
P 0000021A7CCA9D28
$ |e1|
P 0000021A7D050658
C 51
= 0000021A7D050F78
R
P 0000021A7CCA9D28
C 339
R
P 0000021A7CCA9D28
P 0000021A7D050F78
C 255
R
P 0000021A7CCA9D28
C 339
R
P 0000021A7CCA9D28
P 0000021A7D050F78
C 252
= 0000021A7D050658
R
P 0000021A7CCA9D28
C 339
R
P 0000021A7CCA9D28
P 0000021A7D050658
C 207
R
P 0000021A7CCA9D28
C 339
R
P 0000021A7CCA9D28
P 0000021A7D050F78
C 258
R
P 0000021A7CCA9D28
C 339
R
P 0000021A7CCA9D28
P 0000021A7D050F78
C 257
R
P 0000021A7CCA9D28
C 339
R
P 0000021A7CCA9D28
P 0000021A7D050F78
C 256
R
P 0000021A7CCA9D28
C 339
R
P 0000021A7CCA9D28
P 0000021A7D050F78
C 9
R
P 0000021A7CCA9D28
C 339
R
P 0000021A7CFAC028
S "e1"
C 30
R
P 0000021A7CFAC028
C 339
R
P 0000021A7CFAC028
$ |e1|
C 200
R
P 0000021A7CFAC028
C 339
R
P 0000021A7CFAC028
$ |e1|
P 0000021A7D06E748
C 51
= 0000021A7D06F068
R
P 0000021A7CFAC028
C 339
R
P 0000021A7CFAC028
P 0000021A7D06F068
C 255
R
P 0000021A7CFAC028
C 339
R
P 0000021A7CFAC028
P 0000021A7D06F068
C 252
= 0000021A7D06E748
R
P 0000021A7CFAC028
C 339
R
P 0000021A7CFAC028
P 0000021A7D06E748
C 207
R
P 0000021A7CFAC028
C 339
R
P 0000021A7CFAC028
P 0000021A7D06F068
C 258
R
P 0000021A7CFAC028
C 339
R
P 0000021A7CFAC028
P 0000021A7D06F068
C 257
R
P 0000021A7CFAC028
C 339
R
P 0000021A7CFAC028
P 0000021A7D06F068
C 256
R
P 0000021A7CFAC028
C 339
R
P 0000021A7CFAC028
P 0000021A7D06F068
C 9
R
P 0000021A7CFAC028
C 339
R
P 0000021A7CCA9D28
P 0000021A7D050F78
P 0000021A7CFAC028
C 294
= 0000021A7D06F068
R
P 0000021A7CCA9D28
C 339
R
P 0000021A7CFAC028
P 0000021A7D06F068
C 255
R
P 0000021A7CFAC028
C 339
R
P 0000021A7CFAC028
P 0000021A7D06F068
C 255
R
P 0000021A7CFAC028
C 339
R
P 0000021A7CFAC028
P 0000021A7D06F068
C 252
= 0000021A7D06E748
R
P 0000021A7CFAC028
C 339
R
P 0000021A7CFAC028
P 0000021A7D06E748
C 207
R
P 0000021A7CFAC028
C 339
R
P 0000021A7CFAC028
P 0000021A7D06F068
C 258
R
P 0000021A7CFAC028
C 339
R
P 0000021A7CFAC028
P 0000021A7D06F068
C 257
R
P 0000021A7CFAC028
C 339
R
P 0000021A7CFAC028
P 0000021A7D06F068
C 256
R
P 0000021A7CFAC028
C 339
R
P 0000021A7CFAC028
P 0000021A7D06F068
C 9
R
P 0000021A7CFAC028
C 339
R
P 0000021A7CFAC028
C 339
